// Jest Snapshot v1, https://goo.gl/fbAQLP

exports[`<Typography> atom component WHEN the component loads THEN it should match snapshot 1`] = `
<span
  className="typography typography--display-initial typography--color-textPrimary typography--align-left typography--font-roboto"
>
  text for test
</span>
`;
