// Jest Snapshot v1, https://goo.gl/fbAQLP

exports[`<Link> atom component WHEN the component loads THEN it should match snapshot 1`] = `
<Router
  history={
    Object {
      "action": "POP",
      "block": [Function],
      "createHref": [Function],
      "go": [Function],
      "goBack": [Function],
      "goForward": [Function],
      "length": 1,
      "listen": [Function],
      "location": Object {
        "hash": "",
        "pathname": "/",
        "search": "",
        "state": undefined,
      },
      "push": [Function],
      "replace": [Function],
    }
  }
>
  <Link
    id="test"
    to="/test"
  >
    Link Test
  </Link>
</Router>
`;
